1) This is the error faced by Akash.
2) This is the second error faced by akash.